> constantcontact = ConstantContact(api_key, access_token)
> 
> multipart_activity = Multipart_Activity()
> 
> multipart_activity.set_data(open('multipart_remove.csv', 'rb'))
> multipart_activity.set_file_name('multipart_remove.csv')
> multipart_activity.set_lists(general_interest)
> 
> response = constantcontact.multipart_remove_contacts(multipart_activity)
> print json.dumps(response, indent = 4, sort_keys = True)
{
    "contact_count": 2, 
    "error_count": 0, 
    "file_name": "multipart_remove.csv", 
    "id": "This is also an example", 
    "type": "REMOVE_CONTACTS_FROM_LISTS"
}