> constantcontact = ConstantContact(api_key, access_token)
> 
> multipart_activity = Multipart_Activity()
> 
> multipart_activity.set_data(open('multipart_import.csv', 'rb'))
> multipart_activity.set_file_name('multipart_import.csv')
> multipart_activity.set_lists(general_interest)
> 
> response = constantcontact.multipart_import_contacts(multipart_activity)
> print json.dumps(response, indent = 4, sort_keys = True)
{
    "contact_count": 4, 
    "error_count": 0, 
    "file_name": "multipart_import.csv", 
    "id": "This is an example", 
    "type": "ADD_CONTACTS"
}